
admin@DESKTOP-R6SVPP7 MINGW32 /
$ cd d:

admin@DESKTOP-R6SVPP7 MINGW32 /d
$ ls
'$EL$'/                  EFI/             Recovery/
'$RECYCLE.BIN'/          git/             RecoveryImage/
 apache-tomcat-8.5.11/   GitRepository/   RP.ini
 BaiduNetdiskDownload/   hp/              RPCONFIG.LOG
 boot/                   info/            sonarqube-6.7.6/
 bootmgr                 lib/             SOURCES/
 bootmgr.efi*            myworkspace/    'System Volume Information'/
 CODE_BASE_BACKUP/       OSSIM/           workspace/
 dll/                    plugins/

admin@DESKTOP-R6SVPP7 MINGW32 /d
$ cd GitRepository/

admin@DESKTOP-R6SVPP7 MINGW32 /d/GitRepository
$ git init
Initialized empty Git repository in D:/GitRepository/.git/

admin@DESKTOP-R6SVPP7 MINGW32 /d/GitRepository (master)
$ git status
On branch master

No commits yet

Untracked files:
  (use "git add <file>..." to include in what will be committed)

        demo/

nothing added to commit but untracked files present (use "git add" to track)

admin@DESKTOP-R6SVPP7 MINGW32 /d/GitRepository (master)
$ git add *
warning: LF will be replaced by CRLF in demo/pom.xml.
The file will have its original line endings in your working directory

admin@DESKTOP-R6SVPP7 MINGW32 /d/GitRepository (master)
$ git commit -m "First Commit"
[master (root-commit) 96cc06c] First Commit
 1 file changed, 12 insertions(+)
 create mode 100644 demo/pom.xml

admin@DESKTOP-R6SVPP7 MINGW32 /d/GitRepository (master)
$ git remote add origin https://github.com/jacky-ji/demo.git

admin@DESKTOP-R6SVPP7 MINGW32 /d/GitRepository (master)
$ git push origin master
Enumerating objects: 4, done.
Counting objects: 100% (4/4), done.
Delta compression using up to 4 threads
Compressing objects: 100% (2/2), done.
Writing objects: 100% (4/4), 476 bytes | 476.00 KiB/s, done.
Total 4 (delta 0), reused 0 (delta 0)
To https://github.com/jacky-ji/demo.git
 * [new branch]      master -> master

admin@DESKTOP-R6SVPP7 MINGW32 /d/GitRepository (master)
$
